// Vitest Snapshot v1, https://vitest.dev/guide/snapshot.html

exports[`points > snapshot 1`] = `
{
  "foo": "bar",
}
`;
