// Vitest Snapshot v1, https://vitest.dev/guide/snapshot.html

exports[`get-loyalty-points > snapshot 1`] = `
{
  "foo": "bar",
}
`;
